<html>
<body>
<pre>
<h1>µVision Build Log</h1>
<h2>Tool Versions:</h2>
IDE-Version: µVision V5.38.0.0
Copyright (C) 2022 ARM Ltd and ARM Germany GmbH. All rights reserved.
License Information: Phanmem123.com Phanmem123.com, Phanmem123.com, LIC=----
 
Tool Versions:
Toolchain:       MDK-Lite  Version: 5.38.0.0
Toolchain Path:  C:\Keil_v5\ARM\ARMCLANG\Bin
C Compiler:      ArmClang.exe V6.19
Assembler:       Armasm.exe V6.19
Linker/Locator:  ArmLink.exe V6.19
Library Manager: ArmAr.exe V6.19
Hex Converter:   FromElf.exe V6.19
CPU DLL:         SARMCM3.DLL V5.38.0.0
Dialog DLL:      DCM.DLL V1.17.5.0
Target DLL:      STLink\ST-LINKIII-KEIL_SWO.dll V3.1.0.0
Dialog DLL:      TCM.DLL V1.56.4.0
 
<h2>Project:</h2>
E:\Workspace\Learning\STM32\Asm\main.uvprojx
Project File Date:  04/26/2025

<h2>Output:</h2>
*** Using Compiler 'V6.19', folder: 'C:\Keil_v5\ARM\ARMCLANG\Bin'
Build target 'Target 1'
Note: source file '.\main.c' - object file renamed from '.\Objects\main.o' to '.\Objects\main_1.o'.
main.c(11): warning: invalid UTF-8 in comment [-Winvalid-utf8]
    // D<F9>ng inline assembly d? load gi<E1> tr? CONTROL v<E0>o control_t
        ^
main.c(11): warning: invalid UTF-8 in comment [-Winvalid-utf8]
    // D<F9>ng inline assembly d? load gi<E1> tr? CONTROL v<E0>o control_t
                                         ^
main.c(11): warning: invalid UTF-8 in comment [-Winvalid-utf8]
    // D<F9>ng inline assembly d? load gi<E1> tr? CONTROL v<E0>o control_t
                                                           ^
main.c(19): warning: invalid UTF-8 in comment [-Winvalid-utf8]
    // Sao ch<E9>p value_1 v<E0>o value_2 b?ng asm
             ^
main.c(19): warning: invalid UTF-8 in comment [-Winvalid-utf8]
    // Sao ch<E9>p value_1 v<E0>o value_2 b?ng asm
                            ^
main.c(39): warning: invalid UTF-8 in comment [-Winvalid-utf8]
    // V<ED> d? d?c/ghi b? nh? t?i d?a ch? c? d?nh
        ^
main.c(47): warning: invalid UTF-8 in comment [-Winvalid-utf8]
    // <D0>ua bi?n C 'value' v<E0>o r0
       ^
main.c(47): warning: invalid UTF-8 in comment [-Winvalid-utf8]
    // <D0>ua bi?n C 'value' v<E0>o r0
                              ^
main.c(58): warning: invalid UTF-8 in comment [-Winvalid-utf8]
    // V<F2>ng v<F4> h?n
        ^
main.c(58): warning: invalid UTF-8 in comment [-Winvalid-utf8]
    // V<F2>ng v<F4> h?n
                ^
main.c(60): warning: 'return' will never be executed [-Wunreachable-code-return]
    return 0;
           ^
11 warnings generated.
compiling main.c...
linking...
Program Size: Code=3906 RO-data=474 RW-data=4 ZI-data=1040  
".\Objects\main.axf" - 0 Error(s), 11 Warning(s).

<h2>Software Packages used:</h2>

Package Vendor: ARM
                https://www.keil.com/pack/ARM.CMSIS.6.1.0.pack
                ARM.CMSIS.6.1.0
                CMSIS (Common Microcontroller Software Interface Standard)
   * Component: CORE Version: 6.1.0

Package Vendor: Keil
                https://www.keil.com/pack/Keil.STM32L4xx_DFP.2.7.0.pack
                Keil.STM32L4xx_DFP.2.7.0
                STMicroelectronics STM32L4 Series Device Support, Drivers and Examples
   * Component: Startup Version: 1.3.2

<h2>Collection of Component include folders:</h2>
  ./RTE/_Target_1
  C:/Users/ducso/AppData/Local/Arm/Packs/ARM/CMSIS/6.1.0/CMSIS/Core/Include
  C:/Users/ducso/AppData/Local/Arm/Packs/Keil/STM32L4xx_DFP/2.7.0/Drivers/CMSIS/Device/ST/STM32L4xx/Include

<h2>Collection of Component Files used:</h2>

   * Component: ARM::CMSIS:CORE:6.1.0

   * Component: Keil::Device:Startup:1.3.2
      Source file:   Drivers/CMSIS/Device/ST/STM32L4xx/Source/Templates/system_stm32l4xx.c
      Source file:   Drivers/CMSIS/Device/ST/STM32L4xx/Source/Templates/arm/startup_stm32l443xx.s
      Source file:   MDK/Device/Source/ARM/STM32L4xx_SB_OPT.s
      Include file:  Drivers/CMSIS/Device/ST/STM32L4xx/Include/stm32l4xx.h
Build Time Elapsed:  00:00:00
</pre>
</body>
</html>
