
There are no discarded input sections

Memory Configuration

Name             Origin             Length             Attributes
FLASH            0x08000000         0x00040000         xr
SRAM             0x20000000         0x00010000         xrw
*default*        0x00000000         0xffffffff

Linker script and memory map


.text           0x08000000      0x1e4
 *(.isr_vector)
 .isr_vector    0x08000000      0x194 build/stm32l443rct6_startup.o
                0x08000000                vector_table
 *(.text)
 .text          0x08000194        0x0 build/main.o
 .text          0x08000194       0x48 build/stm32l443rct6_startup.o
                0x08000194                EXTI2_IRQHandler
                0x08000194                DebugMon_Handler
                0x08000194                DMA1_CH4_IRQHandler
                0x08000194                TIM1_CC_IRQHandler
                0x08000194                TSC_IRQHandler
                0x08000194                HardFault_Handler
                0x08000194                SysTick_Handler
                0x08000194                PendSV_Handler
                0x08000194                NMI_Handler
                0x08000194                EXTI3_IRQHandler
                0x08000194                LPTIM2_IRQHandler
                0x08000194                DFSDM1_FLT1_IRQHandler
                0x08000194                USB_FS_IRQHandler
                0x08000194                I2C3_ER_IRQHandler
                0x08000194                TIM6_DACUNDER_IRQHandler
                0x08000194                EXTI0_IRQHandler
                0x08000194                I2C2_EV_IRQHandler
                0x08000194                DMA2_CH1_IRQHandler
                0x08000194                CAN1_RX0_IRQHandler
                0x08000194                FPU_IRQHandler
                0x08000194                TIM1_UP_TIM16_IRQHandler
                0x08000194                DMA2_CH7_IRQHandler
                0x08000194                UsageFault_Handler
                0x08000194                ADC1_2_IRQHandler
                0x08000194                SPI1_IRQHandler
                0x08000194                DMA1_CH7_IRQHandler
                0x08000194                RTC_ALARM_IRQHandler
                0x08000194                DMA1_CH6_IRQHandler
                0x08000194                USART3_IRQHandler
                0x08000194                RTC_TAMP_STAMP_CSS_LSE_IRQHandler
                0x08000194                CAN1_RX1_IRQHandler
                0x08000194                LCD_IRQHandler
                0x08000194                QUADSPI_IRQHandler
                0x08000194                I2C1_EV_IRQHandler
                0x08000194                DMA2_CH5_IRQHandler
                0x08000194                UART4_IRQHandler
                0x08000194                DMA1_CH3_IRQHandler
                0x08000194                TIM3_IRQHandler
                0x08000194                RCC_IRQHandler
                0x08000194                TIM1_TRG_COM_IRQHandler
                0x08000194                Default_Handler
                0x08000194                EXTI15_10_IRQHandler
                0x08000194                TIM7_IRQHandler
                0x08000194                SDMMC1_IRQHandler
                0x08000194                I2C3_EV_IRQHandler
                0x08000194                DMA1_CH2_IRQHandler
                0x08000194                EXTI9_5_IRQHandler
                0x08000194                RTC_WKUP_IRQHandler
                0x08000194                PVD_PVM_IRQHandler
                0x08000194                SPI2_IRQHandler
                0x08000194                DMA1_CH1_IRQHandler
                0x08000194                MemManage_Handler
                0x08000194                CAN1_TX_IRQHandler
                0x08000194                SVC_Handler
                0x08000194                CRS_IRQHandler
                0x08000194                EXTI4_IRQHandler
                0x08000194                RNG_IRQHandler
                0x08000194                COMP_IRQHandler
                0x08000194                WWDG_IRQHandler
                0x08000194                I2C4_EV_IRQHandler
                0x08000194                LPUART1_IRQHandler
                0x08000194                TIM2_IRQHandler
                0x08000194                EXTI1_IRQHandler
                0x08000194                AES_IRQHandler
                0x08000194                USART2_IRQHandler
                0x08000194                DFSDM1_FLT0_IRQHandler
                0x08000194                I2C2_ER_IRQHandler
                0x08000194                CAN1_SCE_IRQHandler
                0x08000194                FLASH_IRQHandler
                0x08000194                BusFault_Handler
                0x08000194                USART1_IRQHandler
                0x08000194                SPI3_IRQHandler
                0x08000194                DMA2_CH6_IRQHandler
                0x08000194                DMA2_CH3_IRQHandler
                0x08000194                DMA2_CH2_IRQHandler
                0x08000194                I2C1_ER_IRQHandler
                0x08000194                DMA1_CH5_IRQHandler
                0x08000194                DMA2_CH4_IRQHandler
                0x08000194                SWPMI1_IRQHandler
                0x08000194                LPTIM1_IRQHandler
                0x08000194                I2C4_ER_IRQHandler
                0x08000194                SAI1_IRQHandler
                0x08000194                TIM1_BRK_TIM15_IRQHandler
                0x08000198                Reset_Handler
 *(.text*)
 .text.startup  0x080001dc        0x4 build/main.o
                0x080001dc                main
 *(.rodata)
 .rodata        0x080001e0        0x4 build/main.o
                0x080001e0                c
 *(.rodata*)
                0x080001e4                        . = ALIGN (0x4)
                0x080001e4                        _etext = .
                0x080001e4                        _stack_data = LOADADDR (.data)

.glue_7         0x080001e4        0x0
 .glue_7        0x080001e4        0x0 linker stubs

.glue_7t        0x080001e4        0x0
 .glue_7t       0x080001e4        0x0 linker stubs

.vfp11_veneer   0x080001e4        0x0
 .vfp11_veneer  0x080001e4        0x0 linker stubs

.v4_bx          0x080001e4        0x0
 .v4_bx         0x080001e4        0x0 linker stubs

.iplt           0x080001e4        0x0
 .iplt          0x080001e4        0x0 build/stm32l443rct6_startup.o

.rel.dyn        0x080001e4        0x0
 .rel.iplt      0x080001e4        0x0 build/stm32l443rct6_startup.o

.data           0x20000000        0x4 load address 0x080001e4
                0x20000000                        _sdata = .
 *(.data)
 .data          0x20000000        0x4 build/main.o
                0x20000000                b
 .data          0x20000004        0x0 build/stm32l443rct6_startup.o
 *(.data*)
                0x20000004                        . = ALIGN (0x4)
                0x20000004                        _edata = .

.igot.plt       0x20000004        0x0 load address 0x080001e8
 .igot.plt      0x20000004        0x0 build/stm32l443rct6_startup.o

.bss            0x20000004        0x4 load address 0x080001e8
                0x20000004                        _sbss = .
 *(.bss)
 .bss           0x20000004        0x4 build/main.o
                0x20000004                a
 .bss           0x20000008        0x0 build/stm32l443rct6_startup.o
 *(.bss*)
 *(COMMON)
                0x20000008                        . = ALIGN (0x4)
                0x20000008                        _ebss = .
                0x20000008                        __bss_end__ = _ebss

.stack_dummy    0x20000008        0x0 load address 0x080001e8
                0x20000008                        . = ALIGN (0x8)
 *(.stack*)
                0x20010000                        __StackTop = (ORIGIN (SRAM) + LENGTH (SRAM))
                0x20010000                        __StackLimit = (__StackTop - SIZEOF (.stack_dummy))
                [!provide]                        PROVIDE (__stack = __StackTop)
                0x00000001                        ASSERT ((__StackLimit >= _ebss), Error: RAM overflow!)
LOAD build/main.o
LOAD build/stm32l443rct6_startup.o
OUTPUT(build/main.elf elf32-littlearm)
LOAD linker stubs

.debug_info     0x00000000      0x2d0
 .debug_info    0x00000000      0x11d build/main.o
 .debug_info    0x0000011d      0x1b3 build/stm32l443rct6_startup.o

.debug_abbrev   0x00000000      0x1bf
 .debug_abbrev  0x00000000       0xa8 build/main.o
 .debug_abbrev  0x000000a8      0x117 build/stm32l443rct6_startup.o

.debug_loclists
                0x00000000       0x90
 .debug_loclists
                0x00000000       0x2e build/main.o
 .debug_loclists
                0x0000002e       0x62 build/stm32l443rct6_startup.o

.debug_aranges  0x00000000       0x40
 .debug_aranges
                0x00000000       0x20 build/main.o
 .debug_aranges
                0x00000020       0x20 build/stm32l443rct6_startup.o

.debug_rnglists
                0x00000000       0x13
 .debug_rnglists
                0x00000000       0x13 build/main.o

.debug_line     0x00000000      0x18f
 .debug_line    0x00000000       0x47 build/main.o
 .debug_line    0x00000047      0x148 build/stm32l443rct6_startup.o

.debug_str      0x00000000      0x1a0
 .debug_str     0x00000000      0x1a0 build/main.o
                                0x13d (size before relaxing)
 .debug_str     0x000001a0      0x1d2 build/stm32l443rct6_startup.o

.comment        0x00000000       0x45
 .comment       0x00000000       0x45 build/main.o
                                 0x46 (size before relaxing)
 .comment       0x00000045       0x46 build/stm32l443rct6_startup.o

.ARM.attributes
                0x00000000       0x2e
 .ARM.attributes
                0x00000000       0x2e build/main.o
 .ARM.attributes
                0x0000002e       0x2e build/stm32l443rct6_startup.o

.debug_frame    0x00000000       0x50
 .debug_frame   0x00000000       0x20 build/main.o
 .debug_frame   0x00000020       0x30 build/stm32l443rct6_startup.o
